2
l1
l1 = 1
l2 = 1
l3 = 1
nQ = 5.000000e-01
nL = 5.000000e-01
nD = 5.000000e-01
nU = 5.000000e-01
nE = 5.000000e-01
nHu = 1.000000e+00
nHd = 1.000000e+00
N = 3
alpha = 1.800000e+00
beta = 1.000000e+00
M_moduli = 6.000000e+02
M_mess = 1.000000e+16
tanb = 1.000000e+01
gammaU[1] = 1.609516e+00
gammaD[1] = 1.403452e+00
gammaHu1.727399e-01
(gammaQ[i]+gammaU[i]+gammaHu) = 3.900858e+00
(gammaQ[i]+gammaD[i]*gammaHd) = 3.393047e+00
 -5.0 *yt * yt*m32/(16*MPI*MPI )= -2.719481e+02
 +2./3. * gY*gY *m32/(16*M_PI*M_PI )  =4.492236e+01
 (aHu+aQ+aU) * M0 = 6.000000e+02
 (aHd+aQ+aD) * M0 = 6.000000e+02
 (aHd+aL+aE) * M0 = 6.000000e+02
-8.503945e+02
-5.335565e+02
g1 = 7.177466e-01
gY = 5.559641e-01
g3 = 7.074860e-01
yt = 4.994912e-01
yb = 5.244089e-02
ytau = 6.989399e-02
At[1]= 2.503945e+02
Ab[1]=3.657775e+02
Atau[1] = -6.644345e+01
gammaU[2] = 1.609516e+00
gammaD[2] = 1.403452e+00
gammaHu1.727399e-01
(gammaQ[i]+gammaU[i]+gammaHu) = 3.900858e+00
(gammaQ[i]+gammaD[i]*gammaHd) = 3.393047e+00
 -5.0 *yt * yt*m32/(16*MPI*MPI )= -2.719481e+02
 +2./3. * gY*gY *m32/(16*M_PI*M_PI )  =4.492236e+01
 (aHu+aQ+aU) * M0 = 6.000000e+02
 (aHd+aQ+aD) * M0 = 6.000000e+02
 (aHd+aL+aE) * M0 = 6.000000e+02
-8.503945e+02
-5.335565e+02
g1 = 7.177466e-01
gY = 5.559641e-01
g3 = 7.074860e-01
yt = 4.994912e-01
yb = 5.244089e-02
ytau = 6.989399e-02
At[2]= 2.503945e+02
Ab[2]=3.657775e+02
Atau[2] = -6.644345e+01
gammaU[3] = 1.110533e+00
gammaD[3] = 1.397952e+00
gammaHu1.727399e-01
(gammaQ[i]+gammaU[i]+gammaHu) = 3.149633e+00
(gammaQ[i]+gammaD[i]*gammaHd) = 3.135811e+00
 -5.0 *yt * yt*m32/(16*MPI*MPI )= -2.719481e+02
 +2./3. * gY*gY *m32/(16*M_PI*M_PI )  =4.492236e+01
 (aHu+aQ+aU) * M0 = 6.000000e+02
 (aHd+aQ+aD) * M0 = 6.000000e+02
 (aHd+aL+aE) * M0 = 6.000000e+02
-6.866262e+02
-5.303616e+02
g1 = 7.177466e-01
gY = 5.559641e-01
g3 = 7.074860e-01
yt = 4.994912e-01
yb = 5.244089e-02
ytau = 6.989399e-02
At[3]= 8.662615e+01
Ab[3]=3.095893e+02
Atau[3] = -6.963838e+01
gammaU[1] = 1.609516e+00
gammaD[1] = 1.403452e+00
gammaHu1.727399e-01
(gammaQ[i]+gammaU[i]+gammaHu) = 3.900858e+00
(gammaQ[i]+gammaD[i]*gammaHd) = 3.393047e+00
 -5.0 *yt * yt*m32/(16*MPI*MPI )= -2.719481e+02
 +2./3. * gY*gY *m32/(16*M_PI*M_PI )  =4.492236e+01
 (aHu+aQ+aU) * M0 = 6.000000e+02
 (aHd+aQ+aD) * M0 = 6.000000e+02
 (aHd+aL+aE) * M0 = 6.000000e+02
-8.503945e+02
-5.335565e+02
g1 = 7.177466e-01
gY = 5.559641e-01
g3 = 7.074860e-01
yt = 4.994912e-01
yb = 5.244089e-02
ytau = 6.989399e-02
At[1]= 2.503945e+02
Ab[1]=3.657775e+02
Atau[1] = -6.644345e+01
gammaU[2] = 1.609516e+00
gammaD[2] = 1.403452e+00
gammaHu1.727399e-01
(gammaQ[i]+gammaU[i]+gammaHu) = 3.900858e+00
(gammaQ[i]+gammaD[i]*gammaHd) = 3.393047e+00
 -5.0 *yt * yt*m32/(16*MPI*MPI )= -2.719481e+02
 +2./3. * gY*gY *m32/(16*M_PI*M_PI )  =4.492236e+01
 (aHu+aQ+aU) * M0 = 6.000000e+02
 (aHd+aQ+aD) * M0 = 6.000000e+02
 (aHd+aL+aE) * M0 = 6.000000e+02
-8.503945e+02
-5.335565e+02
g1 = 7.177466e-01
gY = 5.559641e-01
g3 = 7.074860e-01
yt = 4.994912e-01
yb = 5.244089e-02
ytau = 6.989399e-02
At[2]= 2.503945e+02
Ab[2]=3.657775e+02
Atau[2] = -6.644345e+01
gammaU[3] = 1.110533e+00
gammaD[3] = 1.397952e+00
gammaHu1.727399e-01
(gammaQ[i]+gammaU[i]+gammaHu) = 3.149633e+00
(gammaQ[i]+gammaD[i]*gammaHd) = 3.135811e+00
 -5.0 *yt * yt*m32/(16*MPI*MPI )= -2.719481e+02
 +2./3. * gY*gY *m32/(16*M_PI*M_PI )  =4.492236e+01
 (aHu+aQ+aU) * M0 = 6.000000e+02
 (aHd+aQ+aD) * M0 = 6.000000e+02
 (aHd+aL+aE) * M0 = 6.000000e+02
-6.866262e+02
-5.303616e+02
g1 = 7.177466e-01
gY = 5.559641e-01
g3 = 7.074860e-01
yt = 4.994912e-01
yb = 5.244089e-02
ytau = 6.989399e-02
At[3]= 8.662615e+01
Ab[3]=3.095893e+02
Atau[3] = -6.963838e+01
gammaU[1] = 1.609516e+00
gammaD[1] = 1.403452e+00
gammaHu1.727399e-01
(gammaQ[i]+gammaU[i]+gammaHu) = 3.900858e+00
(gammaQ[i]+gammaD[i]*gammaHd) = 3.393047e+00
 -5.0 *yt * yt*m32/(16*MPI*MPI )= -2.719481e+02
 +2./3. * gY*gY *m32/(16*M_PI*M_PI )  =4.492236e+01
 (aHu+aQ+aU) * M0 = 6.000000e+02
 (aHd+aQ+aD) * M0 = 6.000000e+02
 (aHd+aL+aE) * M0 = 6.000000e+02
-8.503945e+02
-5.335565e+02
g1 = 7.177466e-01
gY = 5.559641e-01
g3 = 7.074860e-01
yt = 4.994912e-01
yb = 5.244089e-02
ytau = 6.989399e-02
At[1]= 2.503945e+02
Ab[1]=3.657775e+02
Atau[1] = -6.644345e+01
gammaU[2] = 1.609516e+00
gammaD[2] = 1.403452e+00
gammaHu1.727399e-01
(gammaQ[i]+gammaU[i]+gammaHu) = 3.900858e+00
(gammaQ[i]+gammaD[i]*gammaHd) = 3.393047e+00
 -5.0 *yt * yt*m32/(16*MPI*MPI )= -2.719481e+02
 +2./3. * gY*gY *m32/(16*M_PI*M_PI )  =4.492236e+01
 (aHu+aQ+aU) * M0 = 6.000000e+02
 (aHd+aQ+aD) * M0 = 6.000000e+02
 (aHd+aL+aE) * M0 = 6.000000e+02
-8.503945e+02
-5.335565e+02
g1 = 7.177466e-01
gY = 5.559641e-01
g3 = 7.074860e-01
yt = 4.994912e-01
yb = 5.244089e-02
ytau = 6.989399e-02
At[2]= 2.503945e+02
Ab[2]=3.657775e+02
Atau[2] = -6.644345e+01
gammaU[3] = 1.110533e+00
gammaD[3] = 1.397952e+00
gammaHu1.727399e-01
(gammaQ[i]+gammaU[i]+gammaHu) = 3.149633e+00
(gammaQ[i]+gammaD[i]*gammaHd) = 3.135811e+00
 -5.0 *yt * yt*m32/(16*MPI*MPI )= -2.719481e+02
 +2./3. * gY*gY *m32/(16*M_PI*M_PI )  =4.492236e+01
 (aHu+aQ+aU) * M0 = 6.000000e+02
 (aHd+aQ+aD) * M0 = 6.000000e+02
 (aHd+aL+aE) * M0 = 6.000000e+02
-6.866262e+02
-5.303616e+02
g1 = 7.177466e-01
gY = 5.559641e-01
g3 = 7.074860e-01
yt = 4.994912e-01
yb = 5.244089e-02
ytau = 6.989399e-02
At[3]= 8.662615e+01
Ab[3]=3.095893e+02
Atau[3] = -6.963838e+01
gammaU[1] = 1.609516e+00
gammaD[1] = 1.403452e+00
gammaHu1.727399e-01
(gammaQ[i]+gammaU[i]+gammaHu) = 3.900858e+00
(gammaQ[i]+gammaD[i]*gammaHd) = 3.393047e+00
 -5.0 *yt * yt*m32/(16*MPI*MPI )= -2.719481e+02
 +2./3. * gY*gY *m32/(16*M_PI*M_PI )  =4.492236e+01
 (aHu+aQ+aU) * M0 = 6.000000e+02
 (aHd+aQ+aD) * M0 = 6.000000e+02
 (aHd+aL+aE) * M0 = 6.000000e+02
-8.503945e+02
-5.335565e+02
g1 = 7.177466e-01
gY = 5.559641e-01
g3 = 7.074860e-01
yt = 4.994912e-01
yb = 5.244089e-02
ytau = 6.989399e-02
At[1]= 2.503945e+02
Ab[1]=3.657775e+02
Atau[1] = -6.644345e+01
gammaU[2] = 1.609516e+00
gammaD[2] = 1.403452e+00
gammaHu1.727399e-01
(gammaQ[i]+gammaU[i]+gammaHu) = 3.900858e+00
(gammaQ[i]+gammaD[i]*gammaHd) = 3.393047e+00
 -5.0 *yt * yt*m32/(16*MPI*MPI )= -2.719481e+02
 +2./3. * gY*gY *m32/(16*M_PI*M_PI )  =4.492236e+01
 (aHu+aQ+aU) * M0 = 6.000000e+02
 (aHd+aQ+aD) * M0 = 6.000000e+02
 (aHd+aL+aE) * M0 = 6.000000e+02
-8.503945e+02
-5.335565e+02
g1 = 7.177466e-01
gY = 5.559641e-01
g3 = 7.074860e-01
yt = 4.994912e-01
yb = 5.244089e-02
ytau = 6.989399e-02
At[2]= 2.503945e+02
Ab[2]=3.657775e+02
Atau[2] = -6.644345e+01
gammaU[3] = 1.110533e+00
gammaD[3] = 1.397952e+00
gammaHu1.727399e-01
(gammaQ[i]+gammaU[i]+gammaHu) = 3.149633e+00
(gammaQ[i]+gammaD[i]*gammaHd) = 3.135811e+00
 -5.0 *yt * yt*m32/(16*MPI*MPI )= -2.719481e+02
 +2./3. * gY*gY *m32/(16*M_PI*M_PI )  =4.492236e+01
 (aHu+aQ+aU) * M0 = 6.000000e+02
 (aHd+aQ+aD) * M0 = 6.000000e+02
 (aHd+aL+aE) * M0 = 6.000000e+02
-6.866262e+02
-5.303616e+02
g1 = 7.177466e-01
gY = 5.559641e-01
g3 = 7.074860e-01
yt = 4.994912e-01
yb = 5.244089e-02
ytau = 6.989399e-02
At[3]= 8.662615e+01
Ab[3]=3.095893e+02
Atau[3] = -6.963838e+01
gammaU[1] = 1.609516e+00
gammaD[1] = 1.403452e+00
gammaHu1.727399e-01
(gammaQ[i]+gammaU[i]+gammaHu) = 3.900858e+00
(gammaQ[i]+gammaD[i]*gammaHd) = 3.393047e+00
 -5.0 *yt * yt*m32/(16*MPI*MPI )= -2.719481e+02
 +2./3. * gY*gY *m32/(16*M_PI*M_PI )  =4.492236e+01
 (aHu+aQ+aU) * M0 = 6.000000e+02
 (aHd+aQ+aD) * M0 = 6.000000e+02
 (aHd+aL+aE) * M0 = 6.000000e+02
-8.503945e+02
-5.335565e+02
g1 = 7.177466e-01
gY = 5.559641e-01
g3 = 7.074860e-01
yt = 4.994912e-01
yb = 5.244089e-02
ytau = 6.989399e-02
At[1]= 2.503945e+02
Ab[1]=3.657775e+02
Atau[1] = -6.644345e+01
gammaU[2] = 1.609516e+00
gammaD[2] = 1.403452e+00
gammaHu1.727399e-01
(gammaQ[i]+gammaU[i]+gammaHu) = 3.900858e+00
(gammaQ[i]+gammaD[i]*gammaHd) = 3.393047e+00
 -5.0 *yt * yt*m32/(16*MPI*MPI )= -2.719481e+02
 +2./3. * gY*gY *m32/(16*M_PI*M_PI )  =4.492236e+01
 (aHu+aQ+aU) * M0 = 6.000000e+02
 (aHd+aQ+aD) * M0 = 6.000000e+02
 (aHd+aL+aE) * M0 = 6.000000e+02
-8.503945e+02
-5.335565e+02
g1 = 7.177466e-01
gY = 5.559641e-01
g3 = 7.074860e-01
yt = 4.994912e-01
yb = 5.244089e-02
ytau = 6.989399e-02
At[2]= 2.503945e+02
Ab[2]=3.657775e+02
Atau[2] = -6.644345e+01
gammaU[3] = 1.110533e+00
gammaD[3] = 1.397952e+00
gammaHu1.727399e-01
(gammaQ[i]+gammaU[i]+gammaHu) = 3.149633e+00
(gammaQ[i]+gammaD[i]*gammaHd) = 3.135811e+00
 -5.0 *yt * yt*m32/(16*MPI*MPI )= -2.719481e+02
 +2./3. * gY*gY *m32/(16*M_PI*M_PI )  =4.492236e+01
 (aHu+aQ+aU) * M0 = 6.000000e+02
 (aHd+aQ+aD) * M0 = 6.000000e+02
 (aHd+aL+aE) * M0 = 6.000000e+02
-6.866262e+02
-5.303616e+02
g1 = 7.177466e-01
gY = 5.559641e-01
g3 = 7.074860e-01
yt = 4.994912e-01
yb = 5.244089e-02
ytau = 6.989399e-02
At[3]= 8.662615e+01
Ab[3]=3.095893e+02
Atau[3] = -6.963838e+01
gammaU[1] = 1.609516e+00
gammaD[1] = 1.403452e+00
gammaHu1.727399e-01
(gammaQ[i]+gammaU[i]+gammaHu) = 3.900858e+00
(gammaQ[i]+gammaD[i]*gammaHd) = 3.393047e+00
 -5.0 *yt * yt*m32/(16*MPI*MPI )= -2.719481e+02
 +2./3. * gY*gY *m32/(16*M_PI*M_PI )  =4.492236e+01
 (aHu+aQ+aU) * M0 = 6.000000e+02
 (aHd+aQ+aD) * M0 = 6.000000e+02
 (aHd+aL+aE) * M0 = 6.000000e+02
-8.503945e+02
-5.335565e+02
g1 = 7.177466e-01
gY = 5.559641e-01
g3 = 7.074860e-01
yt = 4.994912e-01
yb = 5.244089e-02
ytau = 6.989399e-02
At[1]= 2.503945e+02
Ab[1]=3.657775e+02
Atau[1] = -6.644345e+01
gammaU[2] = 1.609516e+00
gammaD[2] = 1.403452e+00
gammaHu1.727399e-01
(gammaQ[i]+gammaU[i]+gammaHu) = 3.900858e+00
(gammaQ[i]+gammaD[i]*gammaHd) = 3.393047e+00
 -5.0 *yt * yt*m32/(16*MPI*MPI )= -2.719481e+02
 +2./3. * gY*gY *m32/(16*M_PI*M_PI )  =4.492236e+01
 (aHu+aQ+aU) * M0 = 6.000000e+02
 (aHd+aQ+aD) * M0 = 6.000000e+02
 (aHd+aL+aE) * M0 = 6.000000e+02
-8.503945e+02
-5.335565e+02
g1 = 7.177466e-01
gY = 5.559641e-01
g3 = 7.074860e-01
yt = 4.994912e-01
yb = 5.244089e-02
ytau = 6.989399e-02
At[2]= 2.503945e+02
Ab[2]=3.657775e+02
Atau[2] = -6.644345e+01
gammaU[3] = 1.110533e+00
gammaD[3] = 1.397952e+00
gammaHu1.727399e-01
(gammaQ[i]+gammaU[i]+gammaHu) = 3.149633e+00
(gammaQ[i]+gammaD[i]*gammaHd) = 3.135811e+00
 -5.0 *yt * yt*m32/(16*MPI*MPI )= -2.719481e+02
 +2./3. * gY*gY *m32/(16*M_PI*M_PI )  =4.492236e+01
 (aHu+aQ+aU) * M0 = 6.000000e+02
 (aHd+aQ+aD) * M0 = 6.000000e+02
 (aHd+aL+aE) * M0 = 6.000000e+02
-6.866262e+02
-5.303616e+02
g1 = 7.177466e-01
gY = 5.559641e-01
g3 = 7.074860e-01
yt = 4.994912e-01
yb = 5.244089e-02
ytau = 6.989399e-02
At[3]= 8.662615e+01
Ab[3]=3.095893e+02
Atau[3] = -6.963838e+01
m32 = 3.442548e+04
M0 = 6.000000e+02
m32 = 3.442548e+04
M0 = 6.000000e+02
m32 = 3.442548e+04
M0 = 6.000000e+02
m32 = 3.442548e+04
M0 = 6.000000e+02
----------------------------------------------------------
Gravitino mass M3/2: 0.000000e+00
Msusy: 4.497629e+02 MW: 8.108223e+01
Data set:
mU: 1.718684e-03  mC: 5.765370e-01  mt: 1.657605e+02  mt^pole: 1.734000e+02
mD: 3.885080e-03  mS: 6.762916e-02  mB: 2.906572e+00  mb^pole: 5.016267e+00
mE: 5.026663e-04  mM: 1.039354e-01  mT: 1.751661e+00
aE: 1.279090e+02  aS: 1.187000e-01  scale: 9.118760e+01
loops: 3        thresholds: 1
----------------------------------------------------------
SUSY breaking MSSM parameters at Q: 1.380384e+02
 UA(3,3):
 0.000000e+00  0.000000e+00  0.000000e+00 
 0.000000e+00  0.000000e+00  0.000000e+00 
 0.000000e+00  0.000000e+00 -1.113981e+01 
 UD(3,3):
 0.000000e+00  0.000000e+00  0.000000e+00 
 0.000000e+00  0.000000e+00  0.000000e+00 
 0.000000e+00  0.000000e+00  3.149430e+01 
 UE(3,3):
 0.000000e+00  0.000000e+00  0.000000e+00 
 0.000000e+00  0.000000e+00  0.000000e+00 
 0.000000e+00  0.000000e+00 -4.247141e+01 
 mQLsq(3,3):
 2.459190e+05  0.000000e+00  0.000000e+00 
 0.000000e+00  2.459190e+05  0.000000e+00 
 0.000000e+00  0.000000e+00  2.044910e+05 
 mURsq(3,3):
 2.380358e+05  0.000000e+00  0.000000e+00 
 0.000000e+00  2.380358e+05  0.000000e+00 
 0.000000e+00  0.000000e+00  1.560089e+05 
 mDRsq(3,3):
 2.369234e+05  0.000000e+00  0.000000e+00 
 0.000000e+00  2.369234e+05  0.000000e+00 
 0.000000e+00  0.000000e+00  2.340514e+05 
 mLLsq(3,3):
 1.984206e+05  0.000000e+00  0.000000e+00 
 0.000000e+00  1.984206e+05  0.000000e+00 
 0.000000e+00  0.000000e+00  1.978680e+05 
 mSEsq(3,3):
 1.937396e+05  0.000000e+00  0.000000e+00 
 0.000000e+00  1.937396e+05  0.000000e+00 
 0.000000e+00  0.000000e+00  1.926339e+05 
m3sq: 9.998171e+03 mH1sq: 1.344324e+04 mH2sq: -1.098574e+05
Gaugino masses(1,3):
 4.109757e+02  2.962054e+02 -1.364349e+02
Supersymmetric parameters at Q: 1.380384e+02
 Y^U(3,3):
 0.000000e+00  0.000000e+00  0.000000e+00 
 0.000000e+00  0.000000e+00  0.000000e+00 
 0.000000e+00  0.000000e+00  8.866912e-01 
 Y^D(3,3):
 0.000000e+00  0.000000e+00  0.000000e+00 
 0.000000e+00  0.000000e+00  0.000000e+00 
 0.000000e+00  0.000000e+00  1.462272e-01 
 Y^E(3,3):
 0.000000e+00  0.000000e+00  0.000000e+00 
 0.000000e+00  0.000000e+00  0.000000e+00 
 0.000000e+00  0.000000e+00  1.024189e-01 
higgs VEV: 2.507989e+02 tan beta: 9.914631e+00 smu: 3.163463e+02
g1: 4.595939e-01 g2: 6.367359e-01 g3: 1.104140e+00
thresholds: 3 #loops: 2
----------------------------------------------------------
Physical MSSM parameters:
mh^0: 1.015140e+02 mA^0: 3.361640e+02 mH^0: 3.368693e+02 mH^+-: 3.459333e+02
alpha: -1.212527e-01
sneutrinos(1,3):
 4.398115e+02  4.398115e+02  4.392586e+02
mU~(2,3):
 4.942257e+02  4.942257e+02  4.810896e+02 
 4.916261e+02  4.916261e+02  4.291478e+02 
mD~(2,3):
 5.027669e+02  5.027669e+02  4.584528e+02 
 4.926967e+02  4.926967e+02  4.909109e+02 
mE~(2,3):
 4.476328e+02  4.476370e+02  4.518129e+02 
 4.422498e+02  4.422498e+02  4.362401e+02 
thetat: -1.353430e-01 thetab: 2.483654e-01 thetatau: -5.887977e-01
mGluino:  -1.630272e+02
charginos(1,2):
-2.545286e+02 -3.754916e+02
thetaL: 2.341296e+00 thetaR: -6.433553e-01
neutralinos(1,4):
 2.506923e+02 -3.237371e+02  3.626237e+02  4.335357e+02
neutralino mixing matrix (4,4):
 1.331310e-01 -3.885746e-02  4.142155e-01  8.995508e-01 
-7.091759e-01  8.181518e-02  6.709611e-01 -2.004668e-01 
 5.366746e-01  6.972827e-01  4.109479e-01 -2.385350e-01 
-4.374083e-01  7.110508e-01 -4.575571e-01  3.061411e-01 
lsp is gluino of mass -1.630272e+02 GeV
----------------------------------------------------------
mh^0: 1.015140e+02 mA^0: 3.361640e+02 mH^0: 3.368693e+02 mH^+-: 3.459333e+02
alpha: -1.212527e-01
sneutrinos(1,3):
 4.398115e+02  4.398115e+02  4.392586e+02
mU~(2,3):
 4.942257e+02  4.942257e+02  4.810896e+02 
 4.916261e+02  4.916261e+02  4.291478e+02 
mD~(2,3):
 5.027669e+02  5.027669e+02  4.584528e+02 
 4.926967e+02  4.926967e+02  4.909109e+02 
mE~(2,3):
 4.476328e+02  4.476370e+02  4.518129e+02 
 4.422498e+02  4.422498e+02  4.362401e+02 
thetat: -1.353430e-01 thetab: 2.483654e-01 thetatau: -5.887977e-01
mGluino:  -1.630272e+02
charginos(1,2):
-2.545286e+02 -3.754916e+02
thetaL: 2.341296e+00 thetaR: -6.433553e-01
neutralinos(1,4):
 2.506923e+02 -3.237371e+02  3.626237e+02  4.335357e+02
neutralino mixing matrix (4,4):
 1.331310e-01 -3.885746e-02  4.142155e-01  8.995508e-01 
-7.091759e-01  8.181518e-02  6.709611e-01 -2.004668e-01 
 5.366746e-01  6.972827e-01  4.109479e-01 -2.385350e-01 
-4.374083e-01  7.110508e-01 -4.575571e-01  3.061411e-01 

Higgs masses and widths
Mh    = 101.51 (wh    =3.5E-03)
MHH   = 336.87 (wHh   =6.6E-01)
MH3   = 336.16 (wH3   =6.3E-01)
MHc   = 345.93 

Masses of SuperParticles:
~g  : MSG   =   163.0 || ~o1 : MNE1  =   250.7 || ~1+ : MC1   =   254.5 
~o2 : MNE2  =   323.7 || ~o3 : MNE3  =   362.6 || ~2+ : MC2   =   375.5 
~t1 : MSt1  =   429.1 || ~o4 : MNE4  =   433.5 || ~l1 : MSl1  =   436.2 
~nl : MSnl  =   439.3 || ~ne : MSne  =   439.8 || ~nm : MSnm  =   439.8 
~eR : MSeR  =   442.2 || ~mR : MSmR  =   442.2 || ~eL : MSeL  =   447.6 
~mL : MSmL  =   447.6 || ~l2 : MSl2  =   451.8 || ~b1 : MSb1  =   458.5 
~t2 : MSt2  =   481.1 || ~b2 : MSb2  =   490.9 || ~uR : MSuR  =   491.6 
~cR : MScR  =   491.6 || ~dR : MSdR  =   492.7 || ~sR : MSsR  =   492.7 
~uL : MSuL  =   494.2 || ~cL : MScL  =   494.2 || ~dL : MSdL  =   502.8 
~sL : MSsL  =   502.8 || 
%%%%%%%%%%%%%%%%%%%%%%%%%%%%%%%%%%%%%%%%%%%%%
%%%%%%  Omega h^2 = 1.74781696e-04%%%%%%%%%%
%%%%%%%%%%%%%%%%%%%%%%%%%%%%%%%%%%%%%%%%%%%%%

~o1 = 0.133*bino -0.709*wino +0.537*higgsino1 -0.437*higgsino2

Channels which contribute to 1/(omega) more than 1%.
Relative contrubutions in % are displyed
  8% ~g ~g -> b B 
  8% ~g ~g -> d D 
  8% ~g ~g -> u U 
  8% ~g ~g -> c C 
  8% ~g ~g -> s S 
 60% ~g ~g -> G G 
